python : 493 INFO: PyInstaller: 6.17.0, contrib hooks: 2025.10
所在位置 行:1 字符: 37
+ ... p\uos_libs; python -m PyInstaller --onefile --windowed --name
 "UOS远程连 ...
+                 ~~~~~~~~~~~~~~~~~~~~~~~~~~~~~~~~~~~~~~~~~~~~~~~~~
~~~~~~~~
    + CategoryInfo          : NotSpecified: (493 INFO: PyIns... ho 
   oks: 2025.10:String) [], RemoteException
    + FullyQualifiedErrorId : NativeCommandError
 
495 INFO: Python: 3.8.0
495 INFO: Platform: Windows-10-10.0.26100-SP0
495 INFO: Python environment: C:\Users\10497\AppData\Local\Programs
\Python\Python38
497 INFO: wrote C:\Users\10497\Desktop\uos_libs\UOS远程连接器_v1.5.spec
570 INFO: Module search paths (PYTHONPATH):
['C:\\Users\\10497\\Desktop\\uos_libs',
 'C:\\Users\\10497\\AppData\\Local\\Programs\\Python\\Python38\\pyt
hon38.zip',
 'C:\\Users\\10497\\AppData\\Local\\Programs\\Python\\Python38\\DLL
s',
 'C:\\Users\\10497\\AppData\\Local\\Programs\\Python\\Python38\\lib
',
 'C:\\Users\\10497\\AppData\\Local\\Programs\\Python\\Python38',
 'C:\\Users\\10497\\AppData\\Roaming\\Python\\Python38\\site-packag
es',
 'C:\\Users\\10497\\AppData\\Local\\Programs\\Python\\Python38\\lib
\\site-packages',
 'C:\\Users\\10497\\AppData\\Local\\Programs\\Python\\Python38\\lib
\\site-packages\\pip-21.2.4-py3.8.egg',
 'C:\\Users\\10497\\AppData\\Local\\Programs\\Python\\Python38\\lib
\\site-packages\\win32',
 'C:\\Users\\10497\\AppData\\Local\\Programs\\Python\\Python38\\lib
\\site-packages\\win32\\lib',
 'C:\\Users\\10497\\AppData\\Local\\Programs\\Python\\Python38\\lib
\\site-packages\\Pythonwin',
 'C:\\Users\\10497\\Desktop\\uos_libs']
pygame 2.0.1 (SDL 2.0.14, Python 3.8.0)
Hello from the pygame community. https://www.pygame.org/contribute.html
1139 INFO: checking Analysis
1140 INFO: Building Analysis because Analysis-00.toc is non existen
t
1140 INFO: Looking for Python shared library...
1140 INFO: Using Python shared library: C:\Users\10497\AppData\Loca
l\Programs\Python\Python38\python38.dll
1140 INFO: Running Analysis Analysis-00.toc
1140 INFO: Target bytecode optimization level: 0
1140 INFO: Initializing module dependency graph...
1142 INFO: Initializing module graph hook caches...
1172 INFO: Analyzing modules for base_library.zip ...
2022 INFO: Processing standard module hook 'hook-heapq.py' from 'C:
\\Users\\10497\\AppData\\Local\\Programs\\Python\\Python38\\lib\\si
te-packages\\PyInstaller\\hooks'
2217 INFO: Processing standard module hook 'hook-encodings.py' from
 'C:\\Users\\10497\\AppData\\Local\\Programs\\Python\\Python38\\lib
\\site-packages\\PyInstaller\\hooks'
3588 INFO: Processing standard module hook 'hook-pickle.py' from 'C
:\\Users\\10497\\AppData\\Local\\Programs\\Python\\Python38\\lib\\s
ite-packages\\PyInstaller\\hooks'
4561 INFO: Caching module dependency graph...
4642 INFO: Analyzing C:\Users\10497\Desktop\uos_libs\win_client.py
4694 INFO: Processing standard module hook 'hook-_ctypes.py' from '
C:\\Users\\10497\\AppData\\Local\\Programs\\Python\\Python38\\lib\\
site-packages\\PyInstaller\\hooks'
4746 INFO: Processing standard module hook 'hook-numpy.py' from 'C:
\\Users\\10497\\AppData\\Local\\Programs\\Python\\Python38\\lib\\si
te-packages\\PyInstaller\\hooks'
5596 INFO: Processing standard module hook 'hook-multiprocessing.ut
il.py' from 'C:\\Users\\10497\\AppData\\Local\\Programs\\Python\\Py
thon38\\lib\\site-packages\\PyInstaller\\hooks'
5847 INFO: Processing standard module hook 'hook-xml.py' from 'C:\\
Users\\10497\\AppData\\Local\\Programs\\Python\\Python38\\lib\\site
-packages\\PyInstaller\\hooks'
6452 INFO: Processing standard module hook 'hook-difflib.py' from '
C:\\Users\\10497\\AppData\\Local\\Programs\\Python\\Python38\\lib\\
site-packages\\PyInstaller\\hooks'
6567 INFO: Processing standard module hook 'hook-platform.py' from 
'C:\\Users\\10497\\AppData\\Local\\Programs\\Python\\Python38\\lib\
\site-packages\\PyInstaller\\hooks'
6978 INFO: Processing standard module hook 'hook-psutil.py' from 'C
:\\Users\\10497\\AppData\\Local\\Programs\\Python\\Python38\\lib\\s
ite-packages\\_pyinstaller_hooks_contrib\\stdhooks'
7074 INFO: Processing standard module hook 'hook-sysconfig.py' from
 'C:\\Users\\10497\\AppData\\Local\\Programs\\Python\\Python38\\lib
\\site-packages\\PyInstaller\\hooks'
8131 INFO: Processing standard module hook 'hook-cv2.py' from 'C:\\
Users\\10497\\AppData\\Local\\Programs\\Python\\Python38\\lib\\site
-packages\\_pyinstaller_hooks_contrib\\stdhooks'
9120 INFO: Processing pre-find-module-path hook 'hook-tkinter.py' f
rom 'C:\\Users\\10497\\AppData\\Local\\Programs\\Python\\Python38\\
lib\\site-packages\\PyInstaller\\hooks\\pre_find_module_path'
9121 INFO: TclTkInfo: initializing cached Tcl/Tk info...
9712 INFO: Processing standard module hook 'hook-_tkinter.py' from 
'C:\\Users\\10497\\AppData\\Local\\Programs\\Python\\Python38\\lib\
\site-packages\\PyInstaller\\hooks'
9770 INFO: Processing standard module hook 'hook-PIL.py' from 'C:\\
Users\\10497\\AppData\\Local\\Programs\\Python\\Python38\\lib\\site
-packages\\PyInstaller\\hooks'
9844 INFO: Processing standard module hook 'hook-PIL.Image.py' from
 'C:\\Users\\10497\\AppData\\Local\\Programs\\Python\\Python38\\lib
\\site-packages\\PyInstaller\\hooks'
10203 INFO: Processing pre-safe-import-module hook 'hook-typing_ext
ensions.py' from 'C:\\Users\\10497\\AppData\\Local\\Programs\\Pytho
n\\Python38\\lib\\site-packages\\PyInstaller\\hooks\\pre_safe_impor
t_module'
10205 INFO: SetuptoolsInfo: initializing cached setuptools info...
11003 INFO: Processing standard module hook 'hook-pycparser.py' fro
m 'C:\\Users\\10497\\AppData\\Local\\Programs\\Python\\Python38\\li
b\\site-packages\\_pyinstaller_hooks_contrib\\stdhooks'
11572 INFO: Processing standard module hook 'hook-setuptools.py' fr
om 'C:\\Users\\10497\\AppData\\Local\\Programs\\Python\\Python38\\l
ib\\site-packages\\PyInstaller\\hooks'
11581 INFO: Processing pre-safe-import-module hook 'hook-distutils.
py' from 'C:\\Users\\10497\\AppData\\Local\\Programs\\Python\\Pytho
n38\\lib\\site-packages\\PyInstaller\\hooks\\pre_safe_import_module
'
11582 INFO: Processing pre-find-module-path hook 'hook-distutils.py
' from 'C:\\Users\\10497\\AppData\\Local\\Programs\\Python\\Python3
8\\lib\\site-packages\\PyInstaller\\hooks\\pre_find_module_path'
12111 INFO: Processing standard module hook 'hook-distutils.py' fro
m 'C:\\Users\\10497\\AppData\\Local\\Programs\\Python\\Python38\\li
b\\site-packages\\PyInstaller\\hooks'
12160 INFO: Processing standard module hook 'hook-distutils.util.py
' from 'C:\\Users\\10497\\AppData\\Local\\Programs\\Python\\Python3
8\\lib\\site-packages\\PyInstaller\\hooks'
12190 INFO: Processing standard module hook 'hook-_osx_support.py' 
from 'C:\\Users\\10497\\AppData\\Local\\Programs\\Python\\Python38\
\lib\\site-packages\\PyInstaller\\hooks'
12264 INFO: Processing pre-safe-import-module hook 'hook-importlib_
metadata.py' from 'C:\\Users\\10497\\AppData\\Local\\Programs\\Pyth
on\\Python38\\lib\\site-packages\\PyInstaller\\hooks\\pre_safe_impo
rt_module'
12284 INFO: Processing standard module hook 'hook-importlib_metadat
a.py' from 'C:\\Users\\10497\\AppData\\Local\\Programs\\Python\\Pyt
hon38\\lib\\site-packages\\PyInstaller\\hooks'
12324 INFO: Processing pre-safe-import-module hook 'hook-zipp.py' f
rom 'C:\\Users\\10497\\AppData\\Local\\Programs\\Python\\Python38\\
lib\\site-packages\\PyInstaller\\hooks\\pre_safe_import_module'
12589 INFO: Processing pre-safe-import-module hook 'hook-packaging.
py' from 'C:\\Users\\10497\\AppData\\Local\\Programs\\Python\\Pytho
n38\\lib\\site-packages\\PyInstaller\\hooks\\pre_safe_import_module
'
13149 INFO: Processing standard module hook 'hook-pkg_resources.py'
 from 'C:\\Users\\10497\\AppData\\Local\\Programs\\Python\\Python38
\\lib\\site-packages\\PyInstaller\\hooks'
16236 INFO: Processing standard module hook 'hook-PIL.ImageFilter.p
y' from 'C:\\Users\\10497\\AppData\\Local\\Programs\\Python\\Python
38\\lib\\site-packages\\PyInstaller\\hooks'
16263 INFO: Processing module hooks (post-graph stage)...
16656 INFO: Processing standard module hook 'hook-PIL.SpiderImagePl
ugin.py' from 'C:\\Users\\10497\\AppData\\Local\\Programs\\Python\\
Python38\\lib\\site-packages\\PyInstaller\\hooks'
16984 INFO: Processing pre-safe-import-module hook 'hook-platformdi
rs.py' from 'C:\\Users\\10497\\AppData\\Local\\Programs\\Python\\Py
thon38\\lib\\site-packages\\PyInstaller\\hooks\\pre_safe_import_mod
ule'
17073 INFO: Processing standard module hook 'hook-setuptools._vendo
r.importlib_metadata.py' from 'C:\\Users\\10497\\AppData\\Local\\Pr
ograms\\Python\\Python38\\lib\\site-packages\\PyInstaller\\hooks'
17243 INFO: Processing standard module hook 'hook-setuptools._vendo
r.jaraco.text.py' from 'C:\\Users\\10497\\AppData\\Local\\Programs\
\Python\\Python38\\lib\\site-packages\\PyInstaller\\hooks'
18086 INFO: Processing standard module hook 'hook-_tkinter.py' from
 'C:\\Users\\10497\\AppData\\Local\\Programs\\Python\\Python38\\lib
\\site-packages\\PyInstaller\\hooks'
18111 INFO: Performing binary vs. data reclassification (930 entrie
s)
18476 INFO: Looking for ctypes DLLs
18516 INFO: Analyzing run-time hooks ...
18525 INFO: Including run-time hook 'pyi_rth_inspect.py' from 'C:\\
Users\\10497\\AppData\\Local\\Programs\\Python\\Python38\\lib\\site
-packages\\PyInstaller\\hooks\\rthooks'
18529 INFO: Including run-time hook 'pyi_rth_pkgutil.py' from 'C:\\
Users\\10497\\AppData\\Local\\Programs\\Python\\Python38\\lib\\site
-packages\\PyInstaller\\hooks\\rthooks'
18535 INFO: Including run-time hook 'pyi_rth_multiprocessing.py' fr
om 'C:\\Users\\10497\\AppData\\Local\\Programs\\Python\\Python38\\l
ib\\site-packages\\PyInstaller\\hooks\\rthooks'
18538 INFO: Including run-time hook 'pyi_rth_setuptools.py' from 'C
:\\Users\\10497\\AppData\\Local\\Programs\\Python\\Python38\\lib\\s
ite-packages\\PyInstaller\\hooks\\rthooks'
18540 INFO: Including run-time hook 'pyi_rth_pkgres.py' from 'C:\\U
sers\\10497\\AppData\\Local\\Programs\\Python\\Python38\\lib\\site-
packages\\PyInstaller\\hooks\\rthooks'
18546 INFO: Including run-time hook 'pyi_rth__tkinter.py' from 'C:\
\Users\\10497\\AppData\\Local\\Programs\\Python\\Python38\\lib\\sit
e-packages\\PyInstaller\\hooks\\rthooks'
18630 INFO: Creating base_library.zip...
18657 INFO: Looking for dynamic libraries
C:\Users\10497\AppData\Local\Programs\Python\Python38\lib\site-pack
ages\PyInstaller\building\build_main.py:227: UserWarning: The numpy
.array_api submodule is still experimental. See NEP 47.
  __import__(package)
19714 INFO: Extra DLL search directories (AddDllDirectory): ['C:\\U
sers\\10497\\AppData\\Local\\Programs\\Python\\Python38\\lib\\site-
packages\\numpy\\.libs', 'C:\\Users\\10497\\AppData\\Local\\Program
s\\Python\\Python38\\Lib\\site-packages\\cv2\\../../x64/vc17/bin']
19714 INFO: Extra DLL search directories (PATH): ['C:\\Users\\10497
\\AppData\\Local\\Programs\\Python\\Python38\\Lib\\site-packages\\c
v2\\../../x64/vc17/bin']
23036 INFO: Warnings written to C:\Users\10497\Desktop\uos_libs\bui
ld\UOS远程连接器_v1.5\warn-UOS远程连接器_v1.5.txt
23163 INFO: Graph cross-reference written to C:\Users\10497\Desktop
\uos_libs\build\UOS远程连接器_v1.5\xref-UOS远程连接器_v1.5.html
23239 INFO: checking PYZ
23239 INFO: Building PYZ because PYZ-00.toc is non existent
23239 INFO: Building PYZ (ZlibArchive) C:\Users\10497\Desktop\uos_l
ibs\build\UOS远程连接器_v1.5\PYZ-00.pyz
23940 INFO: Building PYZ (ZlibArchive) C:\Users\10497\Desktop\uos_l
ibs\build\UOS远程连接器_v1.5\PYZ-00.pyz completed successfully.
23993 INFO: checking PKG
23993 INFO: Building PKG because PKG-00.toc is non existent
23993 INFO: Building PKG (CArchive) UOS远程连接器_v1.5.pkg
